nohup: ignoring input
训练集大小: 540229394 tokens
验证集大小: 1000000 tokens
Model Config: Norm=pre, UseNorm=True, FFN=swiglu, RoPE=True
Iter 100: train_loss 8.0902, val_loss 8.0886, lr 5.94e-05
Iter 200: train_loss 5.9615, val_loss 5.9833, lr 1.19e-04
Iter 300: train_loss 4.7859, val_loss 4.8444, lr 1.79e-04
Iter 400: train_loss 4.3789, val_loss 4.1243, lr 2.39e-04
Iter 500: train_loss 3.6220, val_loss 3.7260, lr 2.99e-04
Iter 600: train_loss 3.2626, val_loss 3.5819, lr 3.59e-04
Iter 700: train_loss 3.4703, val_loss 3.3699, lr 4.19e-04
Iter 800: train_loss 3.1194, val_loss 3.2075, lr 4.79e-04
Iter 900: train_loss 2.9964, val_loss 3.0868, lr 5.39e-04
Iter 1000: train_loss 2.8350, val_loss 3.0012, lr 5.99e-04
Iter 1100: train_loss 2.9653, val_loss 2.8717, lr 6.00e-04
Iter 1200: train_loss 2.6948, val_loss 2.8801, lr 5.99e-04
Iter 1300: train_loss 2.7673, val_loss 2.7324, lr 5.99e-04
Iter 1400: train_loss 2.7285, val_loss 2.6675, lr 5.97e-04
Iter 1500: train_loss 2.4612, val_loss 2.6851, lr 5.96e-04
Iter 1600: train_loss 2.6106, val_loss 2.7009, lr 5.94e-04
Iter 1700: train_loss 2.8038, val_loss 2.6250, lr 5.92e-04
Iter 1800: train_loss 2.5926, val_loss 2.5603, lr 5.90e-04
Iter 1900: train_loss 2.4658, val_loss 2.5740, lr 5.87e-04
Iter 2000: train_loss 2.7507, val_loss 2.5415, lr 5.84e-04
Iter 2100: train_loss 2.6202, val_loss 2.4834, lr 5.80e-04
Iter 2200: train_loss 2.5515, val_loss 2.4303, lr 5.77e-04
Iter 2300: train_loss 2.5341, val_loss 2.4595, lr 5.73e-04
Iter 2400: train_loss 2.7142, val_loss 2.4207, lr 5.68e-04
Iter 2500: train_loss 2.6734, val_loss 2.5014, lr 5.64e-04
Iter 2600: train_loss 2.5323, val_loss 2.4251, lr 5.59e-04
Iter 2700: train_loss 2.4217, val_loss 2.3615, lr 5.54e-04
Iter 2800: train_loss 2.5395, val_loss 2.3164, lr 5.48e-04
Iter 2900: train_loss 2.3081, val_loss 2.4268, lr 5.43e-04
Iter 3000: train_loss 2.1874, val_loss 2.4034, lr 5.37e-04
Iter 3100: train_loss 2.3110, val_loss 2.3370, lr 5.31e-04
Iter 3200: train_loss 2.4384, val_loss 2.3061, lr 5.24e-04
Iter 3300: train_loss 2.2908, val_loss 2.3954, lr 5.18e-04
Iter 3400: train_loss 2.4532, val_loss 2.2923, lr 5.11e-04
Iter 3500: train_loss 2.4716, val_loss 2.3018, lr 5.04e-04
Iter 3600: train_loss 2.2493, val_loss 2.2593, lr 4.96e-04
Iter 3700: train_loss 2.5084, val_loss 2.2385, lr 4.89e-04
Iter 3800: train_loss 2.4026, val_loss 2.2545, lr 4.81e-04
Iter 3900: train_loss 2.2317, val_loss 2.2313, lr 4.73e-04
Iter 4000: train_loss 2.1742, val_loss 2.1946, lr 4.65e-04
Iter 4100: train_loss 2.3788, val_loss 2.2650, lr 4.57e-04
Iter 4200: train_loss 2.1593, val_loss 2.2203, lr 4.48e-04
Iter 4300: train_loss 2.1322, val_loss 2.2414, lr 4.40e-04
Iter 4400: train_loss 2.3119, val_loss 2.1789, lr 4.31e-04
Iter 4500: train_loss 2.2973, val_loss 2.2044, lr 4.22e-04
Iter 4600: train_loss 1.9910, val_loss 2.1923, lr 4.14e-04
Iter 4700: train_loss 2.1210, val_loss 2.1690, lr 4.05e-04
Iter 4800: train_loss 2.2535, val_loss 2.1954, lr 3.95e-04
Iter 4900: train_loss 2.1450, val_loss 2.0611, lr 3.86e-04
Iter 5000: train_loss 2.1301, val_loss 2.1600, lr 3.77e-04
Iter 5100: train_loss 2.1053, val_loss 2.1730, lr 3.68e-04
Iter 5200: train_loss 2.1148, val_loss 2.0207, lr 3.58e-04
Iter 5300: train_loss 2.2214, val_loss 2.1507, lr 3.49e-04
Iter 5400: train_loss 2.1182, val_loss 2.1844, lr 3.40e-04
Iter 5500: train_loss 1.9792, val_loss 2.0608, lr 3.30e-04
Iter 5600: train_loss 2.2544, val_loss 2.0799, lr 3.21e-04
Iter 5700: train_loss 1.9512, val_loss 2.1239, lr 3.11e-04
Iter 5800: train_loss 2.0764, val_loss 2.1150, lr 3.02e-04
Iter 5900: train_loss 2.2325, val_loss 2.0267, lr 2.93e-04
Iter 6000: train_loss 2.2059, val_loss 2.0813, lr 2.83e-04
Iter 6100: train_loss 2.1194, val_loss 2.0395, lr 2.74e-04
Iter 6200: train_loss 1.9198, val_loss 2.0647, lr 2.65e-04
Iter 6300: train_loss 2.2438, val_loss 2.0014, lr 2.56e-04
Iter 6400: train_loss 2.0083, val_loss 1.9764, lr 2.47e-04
Iter 6500: train_loss 2.0546, val_loss 1.9837, lr 2.38e-04
Iter 6600: train_loss 2.0745, val_loss 2.0953, lr 2.29e-04
Iter 6700: train_loss 2.0815, val_loss 2.0134, lr 2.20e-04
Iter 6800: train_loss 2.1057, val_loss 1.9567, lr 2.12e-04
Iter 6900: train_loss 2.0978, val_loss 1.9922, lr 2.03e-04
Iter 7000: train_loss 2.1732, val_loss 1.9839, lr 1.95e-04
Iter 7100: train_loss 2.2813, val_loss 2.0175, lr 1.87e-04
Iter 7200: train_loss 1.7730, val_loss 1.9457, lr 1.79e-04
Iter 7300: train_loss 1.9102, val_loss 2.0089, lr 1.71e-04
Iter 7400: train_loss 1.9592, val_loss 2.0540, lr 1.64e-04
Iter 7500: train_loss 2.1217, val_loss 1.9777, lr 1.57e-04
Iter 7600: train_loss 2.1531, val_loss 2.0492, lr 1.49e-04
Iter 7700: train_loss 1.8772, val_loss 1.9457, lr 1.43e-04
Iter 7800: train_loss 1.9170, val_loss 1.9508, lr 1.36e-04
Iter 7900: train_loss 1.7689, val_loss 1.9515, lr 1.29e-04
Iter 8000: train_loss 2.2030, val_loss 1.9960, lr 1.23e-04
Iter 8100: train_loss 2.0435, val_loss 1.9856, lr 1.17e-04
Iter 8200: train_loss 1.9523, val_loss 1.9996, lr 1.12e-04
Iter 8300: train_loss 1.6901, val_loss 1.9785, lr 1.06e-04
Iter 8400: train_loss 1.8839, val_loss 1.9503, lr 1.01e-04
Iter 8500: train_loss 2.0257, val_loss 1.9064, lr 9.62e-05
Iter 8600: train_loss 1.8620, val_loss 1.9491, lr 9.16e-05
Iter 8700: train_loss 1.8716, val_loss 1.9030, lr 8.74e-05
Iter 8800: train_loss 1.9000, val_loss 1.9992, lr 8.34e-05
Iter 8900: train_loss 1.8220, val_loss 1.8653, lr 7.97e-05
Iter 9000: train_loss 2.0790, val_loss 1.9297, lr 7.63e-05
Iter 9100: train_loss 1.9079, val_loss 1.9185, lr 7.32e-05
Iter 9200: train_loss 1.6370, val_loss 1.9220, lr 7.05e-05
Iter 9300: train_loss 2.1646, val_loss 1.9113, lr 6.80e-05
Iter 9400: train_loss 1.9494, val_loss 2.0116, lr 6.59e-05
Iter 9500: train_loss 2.1851, val_loss 1.9557, lr 6.41e-05
Iter 9600: train_loss 1.8109, val_loss 1.9607, lr 6.26e-05
Iter 9700: train_loss 2.0706, val_loss 1.9020, lr 6.15e-05
Iter 9800: train_loss 1.9747, val_loss 1.9456, lr 6.07e-05
Iter 9900: train_loss 2.1083, val_loss 1.9719, lr 6.02e-05
Iter 10000: train_loss 1.8644, val_loss 1.9173, lr 6.00e-05
